 MyUnitTest: 10 total, 10 passed

    23 ms
    MyUnitTest
        12 ms
        passed
        testCreateEggRoll()
        passed
        testCreatePastryRoll()
        1 ms
        passed
        testExtraSauce()
        passed
        testCreateJellyRoll()
        6 ms
        passed
        testDeoratedRollPrint()
        passed
        testExtraTopping()
        1 ms
        passed
        testCreateSausageRoll()
        1 ms
        passed
        testRollPrint()
        1 ms
        passed
        testExtraFilling()
        1 ms
        passed
        testCreateSpringRoll()